
#test/fixtures/geocode_address.js
dijit/registry
dojo/_base/array
dojo/dom
dojo/number
dojo/parser
esri/Color
esri/graphic
esri/InfoTemplate
esri/map
esri/symbols/Font
esri/symbols/SimpleMarkerSymbol
esri/symbols/TextSymbol
esri/tasks/locator
dojo/domReady!
dijit/layout/ContentPane
dijit/layout/BorderContainer
dijit/form/Textarea
dijit/form/Button

#test/fixtures/folder_one/histogram_timeslider.js
dojo/dom-construct
dojo/parser
esri/dijit/HistogramTimeSlider
esri/InfoTemplate
esri/layers/FeatureLayer
esri/map
dojo/domReady!
dijit/layout/ContentPane
dijit/layout/BorderContainer

#test/fixtures/attachment_editor.html
esri/map
esri/layers/FeatureLayer
esri/dijit/editing/AttachmentEditor
esri/config
dojo/parser
dojo/dom
dijit/layout/BorderContainer
dijit/layout/ContentPane
dojo/domReady!
dijit/layout/BorderContainer
dijit/layout/ContentPane
dijit/layout/ContentPane

#test/fixtures/dynamic_attribute_renderer.html
esri/map
esri/layers/ArcGISTiledMapServiceLayer
esri/layers/ArcGISDynamicMapServiceLayer
esri/request
esri/config
esri/tasks/ClassBreaksDefinition
esri/tasks/AlgorithmicColorRamp
esri/tasks/GenerateRendererParameters
esri/tasks/GenerateRendererTask
esri/layers/LayerDrawingOptions
esri/symbols/SimpleFillSymbol
esri/dijit/Legend
dojo/parser
dojo/_base/array
esri/Color
dojo/dom-style
dojo/json
dojo/dom
dojo/data/ItemFileReadStore
dijit/registry
dijit/layout/BorderContainer
dijit/layout/ContentPane
dijit/form/FilteringSelect
dojo/domReady!
dijit/layout/BorderContainer
dijit/layout/ContentPane
dijit/form/FilteringSelect

#test/fixtures/folder_one/portal_find_group_id.html
dojo/parser
dojo/ready
dojo/dom
dojo/dom-construct
dojo/_base/array
dijit/registry
dojo/on
esri/arcgis/Portal
esri/config
esri/lang
dgrid/Grid
dijit/layout/BorderContainer
dijit/layout/ContentPane
dijit/layout/BorderContainer
dijit/layout/ContentPane
dijit/layout/ContentPane
