dgrid/Grid
dijit/form/Button
dijit/form/FilteringSelect
dijit/form/Textarea
dijit/layout/BorderContainer
dijit/layout/ContentPane
dijit/registry
dojo/_base/array
dojo/data/ItemFileReadStore
dojo/dom
dojo/dom-construct
dojo/dom-style
dojo/domReady!
dojo/json
dojo/number
dojo/on
dojo/parser
dojo/ready
esri/arcgis/Portal
esri/Color
esri/config
esri/dijit/editing/AttachmentEditor
esri/dijit/HistogramTimeSlider
esri/dijit/Legend
esri/graphic
esri/InfoTemplate
esri/lang
esri/layers/ArcGISDynamicMapServiceLayer
esri/layers/ArcGISTiledMapServiceLayer
esri/layers/FeatureLayer
esri/layers/LayerDrawingOptions
esri/map
esri/request
esri/symbols/Font
esri/symbols/SimpleFillSymbol
esri/symbols/SimpleMarkerSymbol
esri/symbols/TextSymbol
esri/tasks/AlgorithmicColorRamp
esri/tasks/ClassBreaksDefinition
esri/tasks/GenerateRendererParameters
esri/tasks/GenerateRendererTask
esri/tasks/locator
